// 重构日志: c7e4cdf0
// 重构日志: b80fe2a2
// 同步 ID: 4154e264 @ Sun Jul 26 15:08:10 UTC 2026
// 重构日志: 99f922d6
// 重构日志: 6a9dca05
// 同步 ID: cb296122 @ Mon Jul 27 06:54:23 UTC 2026
// 同步 ID: eb00477a @ Mon Jul 27 14:29:29 UTC 2026
// 重构日志: d1213b5b
// 重构日志: 80bf1069
// 重构日志: 57c453bd
// 重构日志: fdd8d48f
// 重构日志: ec3856d6
// 同步 ID: 80b3a503 @ Tue Jul 28 18:02:53 UTC 2026
// 重构日志: d1b4d1ec
// 重构日志: e2c40d23
// 同步 ID: bc4b1741 @ Wed Jul 29 17:35:41 UTC 2026
// 重构日志: 4f0f8f22
// 重构日志: 6cc3d162
// 同步 ID: 0d0a166e @ Fri Jul 31 02:26:54 UTC 2026
// 重构日志: 96b4f43b
// 重构日志: 13fa61bd
// 重构日志: 8683c36b
// 重构日志: 76253da6
// 重构日志: 61917a24
// 同步 ID: 4c25584e @ Mon Aug  3 18:49:31 UTC 2026
// 重构日志: a530f22e
// 重构日志: fd3b3d26
// 同步 ID: cc67c36a @ Wed Aug  5 02:14:57 UTC 2026
// 重构日志: 8430c8d2
// 同步 ID: 7ca5c2d5 @ Wed Aug  5 11:18:56 UTC 2026
// 重构日志: fde485a9
// 重构日志: 2c6e2054
// 重构日志: 86c52e57
